[0;91;1m[error HsNoFilePath][0m: The type FilePath.
     [0;90;1m╭──▶[0m [0;32;1mtest_resources/Rule/HsNoFilePath/bad.hs@4:13-4:21[0m
     [0;90;1m│[0m
[0;90;1m   4 │[0m [0;97mr[0m[0;97me[0m[0;97ma[0m[0;97md[0m[0;97mF[0m[0;97mr[0m[0;97mo[0m[0;97mm[0m[0;97m [0m[0;97m:[0m[0;97m:[0m[0;97m [0m[0;91;1mF[0m[0;91;1mi[0m[0;91;1ml[0m[0;91;1me[0m[0;91;1mP[0m[0;91;1ma[0m[0;91;1mt[0m[0;91;1mh[0m[0;97m [0m[0;97m-[0m[0;97m>[0m[0;97m [0m[0;97mI[0m[0;97mO[0m[0;97m [0m[0;97mS[0m[0;97mt[0m[0;97mr[0m[0;97mi[0m[0;97mn[0m[0;97mg[0m
     [0;90;1m•[0m             [0;91m┬[0m[0;91m─[0m[0;91m─[0m[0;91m─[0m[0;91m─[0m[0;91m─[0m[0;91m─[0m[0;91m─[0m 
     [0;90;1m•[0m             [0;91m╰╸[0m [0;91mA path is a Path, not a FilePath.[0m
     [0;90;1m•[0m
     [0;90;1m│[0m [0;96mNote: Path says in the type whether it is a file or a directory, and whether it is absolute or relative. FilePath is String, so a directory passed where a file was meant compiles. Converting at the edge with toFilePath is fine; this reports the type in your own signatures.[0m
     [0;90;1m│[0m [0;96mHint: To suppress, write this directly above line 4 of test_resources/Rule/HsNoFilePath/bad.hs, and say why: -- [allow:HsNoFilePath] <reason>[0m
[0;90;1m─────╯[0m

[0;91;1m[error HsNoFilePath][0m: The type FilePath.
     [0;90;1m╭──▶[0m [0;32;1mtest_resources/Rule/HsNoFilePath/bad.hs@8:18-8:26[0m
     [0;90;1m│[0m
[0;90;1m   8 │[0m [0;97mr[0m[0;97me[0m[0;97ms[0m[0;97mo[0m[0;97mu[0m[0;97mr[0m[0;97mc[0m[0;97me[0m[0;97mD[0m[0;97mi[0m[0;97mr[0m[0;97ms[0m[0;97m [0m[0;97m:[0m[0;97m:[0m[0;97m [0m[0;97m[[0m[0;91;1mF[0m[0;91;1mi[0m[0;91;1ml[0m[0;91;1me[0m[0;91;1mP[0m[0;91;1ma[0m[0;91;1mt[0m[0;91;1mh[0m[0;97m][0m
     [0;90;1m•[0m                  [0;91m┬[0m[0;91m─[0m[0;91m─[0m[0;91m─[0m[0;91m─[0m[0;91m─[0m[0;91m─[0m[0;91m─[0m 
     [0;90;1m•[0m                  [0;91m╰╸[0m [0;91mA path is a Path, not a FilePath.[0m
     [0;90;1m•[0m
     [0;90;1m│[0m [0;96mNote: Path says in the type whether it is a file or a directory, and whether it is absolute or relative. FilePath is String, so a directory passed where a file was meant compiles. Converting at the edge with toFilePath is fine; this reports the type in your own signatures.[0m
     [0;90;1m│[0m [0;96mHint: To suppress, write this directly above line 8 of test_resources/Rule/HsNoFilePath/bad.hs, and say why: -- [allow:HsNoFilePath] <reason>[0m
[0;90;1m─────╯[0m
