[0;91;1m[error HsLambdaCase][0m: This is spread over one equation per pattern.
     [0;90;1m╭──▶[0m [0;32;1mtest_resources/Rule/HsLambdaCase/bad-keeping-an-earlier-argument.hs@6:1-6:6[0m
     [0;90;1m│[0m
[0;90;1m   6 │[0m [0;91;1mw[0m[0;91;1me[0m[0;91;1mi[0m[0;91;1mg[0m[0;91;1mh[0m[0;97m [0m[0;97mn[0m[0;97m [0m[0;97mG[0m[0;97mo[0m[0;97mo[0m[0;97md[0m[0;97m [0m[0;97m=[0m[0;97m [0m[0;97mn[0m
     [0;90;1m•[0m [0;91m┬[0m[0;91m─[0m[0;91m─[0m[0;91m─[0m[0;91m─[0m 
     [0;90;1m•[0m [0;91m╰╸[0m [0;91mUse \case rather than naming an argument to take it apart.[0m
     [0;90;1m•[0m
     [0;90;1m│[0m [0;96mNote: A \case definition writes the function's name once; equations write it once each, so renaming the function reformats every equation and buries the real change in the diff.[0m
     [0;90;1m│[0m [0;96mHint: To suppress, write this directly above line 6 of test_resources/Rule/HsLambdaCase/bad-keeping-an-earlier-argument.hs, and say why: -- [allow:HsLambdaCase] <reason>[0m
[0;90;1m─────╯[0m
