[0;91;1m[error HsLambdaCase][0m: This is spread over one equation per pattern.
     [0;90;1m╭──▶[0m [0;32;1mtest_resources/Rule/HsLambdaCase/bad-in-a-where-clause.hs@8:5-8:11[0m
     [0;90;1m│[0m
[0;90;1m   8 │[0m [0;97m [0m[0;97m [0m[0;97m [0m[0;97m [0m[0;91;1mn[0m[0;91;1mu[0m[0;91;1mm[0m[0;91;1mb[0m[0;91;1me[0m[0;91;1mr[0m[0;97m [0m[0;97mG[0m[0;97mo[0m[0;97mo[0m[0;97md[0m[0;97m [0m[0;97m=[0m[0;97m [0m[0;97m1[0m
     [0;90;1m•[0m     [0;91m┬[0m[0;91m─[0m[0;91m─[0m[0;91m─[0m[0;91m─[0m[0;91m─[0m 
     [0;90;1m•[0m     [0;91m╰╸[0m [0;91mUse \case rather than naming an argument to take it apart.[0m
     [0;90;1m•[0m
     [0;90;1m│[0m [0;96mNote: A \case definition writes the function's name once; equations write it once each, so renaming the function reformats every equation and buries the real change in the diff.[0m
     [0;90;1m│[0m [0;96mHint: To suppress, write this directly above line 8 of test_resources/Rule/HsLambdaCase/bad-in-a-where-clause.hs, and say why: -- [allow:HsLambdaCase] <reason>[0m
[0;90;1m─────╯[0m
