[0;91;1m[error TestGenValidSpecPerGenValid][0m: No genValidSpec @Visible in thing-gen's test suite.
     [0;90;1m╭──▶[0m [0;32;1mthing/src/Thing.hs@11:1-11:26[0m
     [0;90;1m│[0m
[0;90;1m  11 │[0m [0;91;1mi[0m[0;91;1mn[0m[0;91;1ms[0m[0;91;1mt[0m[0;91;1ma[0m[0;91;1mn[0m[0;91;1mc[0m[0;91;1me[0m[0;91;1m [0m[0;91;1mG[0m[0;91;1me[0m[0;91;1mn[0m[0;91;1mV[0m[0;91;1ma[0m[0;91;1ml[0m[0;91;1mi[0m[0;91;1md[0m[0;91;1m [0m[0;91;1mV[0m[0;91;1mi[0m[0;91;1ms[0m[0;91;1mi[0m[0;91;1mb[0m[0;91;1ml[0m[0;91;1me[0m
     [0;90;1m•[0m [0;91m┬[0m[0;91m─[0m[0;91m─[0m[0;91m─[0m[0;91m─[0m[0;91m─[0m[0;91m─[0m[0;91m─[0m[0;91m─[0m[0;91m─[0m[0;91m─[0m[0;91m─[0m[0;91m─[0m[0;91m─[0m[0;91m─[0m[0;91m─[0m[0;91m─[0m[0;91m─[0m[0;91m─[0m[0;91m─[0m[0;91m─[0m[0;91m─[0m[0;91m─[0m[0;91m─[0m[0;91m─[0m
     [0;90;1m•[0m [0;91m╰╸[0m [0;91mA GenValid instance obliges genValidSpec @T in the gen package's test suite.[0m
     [0;90;1m•[0m
     [0;90;1m│[0m [0;96mNote: A generator nothing runs is one nobody has checked: genValid can produce values the type's own Validity rejects, and every property built on it inherits that. The spec belongs to the package that declares the instance.[0m
     [0;90;1m│[0m [0;96mHint: To suppress, write this directly above line 11 of thing/src/Thing.hs, and say why: -- [allow:TestGenValidSpecPerGenValid] <reason>[0m
[0;90;1m─────╯[0m
