[error BROKEN_SUPPRESSION]: A bare [allow] would silently absorb rules added later. Name the rule.
     ╭──▶ thing/src/Bare.hs@3:4-3:61
     │
   3 │ -- [allow] In no cabal component, and naming no rule either.
     •    ┬────────────────────────────────────────────────────────
     •    ╰╸ this suppression
─────╯

[error BROKEN_SUPPRESSION]: Unknown rule id: NoSuchRule
     ╭──▶ thing/src/Thing.hs@13:1-13:56
     │
  13 │ -- [allow:NoSuchRule] Names a rule that does not exist.
     • ┬──────────────────────────────────────────────────────
     • ╰╸ this suppression
─────╯

[error BROKEN_SUPPRESSION]: A suppression with no reason is a config exception with extra steps.
     ╭──▶ thing/src/Thing.hs@17:1-17:27
     │
  17 │ -- [allow:CommentBareTodo]
     • ┬─────────────────────────
     • ╰╸ this suppression
─────╯

[error BROKEN_SUPPRESSION]: A bare [allow] would silently absorb rules added later. Name the rule.
     ╭──▶ thing/src/Thing.hs@21:1-21:40
     │
  21 │ -- [allow] Does not name a rule at all.
     • ┬──────────────────────────────────────
     • ╰╸ this suppression
─────╯

[error UNUSED_SUPPRESSION]: [allow:CommentBareTodo] suppresses nothing.
     ╭──▶ thing/src/Generated.hsc@3:4-3:95
     │
   3 │ -- [allow:CommentBareTodo] In a preprocessor input, which holds no Haskell to run a rule over.
     •    ┬──────────────────────────────────────────────────────────────────────────────────────────
     •    ╰╸ nothing here is reported
     •
     │ Hint: Remove it. A suppression that has outlived its reason is worse than no suppression.
─────╯

[error UNUSED_SUPPRESSION]: [allow:CommentBareTodo] suppresses nothing.
     ╭──▶ thing/src/Generated.hsc@7:4-7:102
     │
   7 │ -- [allow:CommentBareTodo] A second one, reported on its own line rather than swallowed by the first.
     •    ┬─────────────────────────────────────────────────────────────────────────────────────────────────
     •    ╰╸ nothing here is reported
     •
     │ Hint: Remove it. A suppression that has outlived its reason is worse than no suppression.
─────╯

[error UNUSED_SUPPRESSION]: [allow:CommentBareTodo] suppresses nothing.
     ╭──▶ thing/src/Orphan.hs@3:4-3:74
     │
   3 │ -- [allow:CommentBareTodo] Written in a module no cabal component claims.
     •    ┬─────────────────────────────────────────────────────────────────────
     •    ╰╸ nothing here is reported
     •
     │ Hint: Remove it. A suppression that has outlived its reason is worse than no suppression.
─────╯

[error UNUSED_SUPPRESSION]: [allow:CommentBareTodo] suppresses nothing.
     ╭──▶ thing/src/Thing.hs@5:1-5:75
     │
   5 │ -- [allow:CommentBareTodo] Redundant, and reported as suppressing nothing.
     • ┬─────────────────────────────────────────────────────────────────────────
     • ╰╸ nothing here is reported
     •
     │ Hint: Remove it. A suppression that has outlived its reason is worse than no suppression.
─────╯

[error UNUSED_SUPPRESSION]: [allow:CommentBareTodo] suppresses nothing.
     ╭──▶ thing/src/Thing.hs@9:1-9:62
     │
   9 │ -- [allow:CommentBareTodo] There is nothing here to suppress.
     • ┬────────────────────────────────────────────────────────────
     • ╰╸ nothing here is reported
     •
     │ Hint: Remove it. A suppression that has outlived its reason is worse than no suppression.
─────╯

[error UNUSED_SUPPRESSION]: [allow:CommentBareTodo] suppresses nothing.
     ╭──▶ thing/src/Unclaimed.hsc@3:4-3:78
     │
   3 │ -- [allow:CommentBareTodo] A preprocessor input in no cabal component either.
     •    ┬─────────────────────────────────────────────────────────────────────────
     •    ╰╸ nothing here is reported
     •
     │ Hint: Remove it. A suppression that has outlived its reason is worse than no suppression.
─────╯
