[0;91;1m[error HsTestOneSpecPerFile][0m: This test file has no export list, so it exports every helper in it as well as spec.
     [0;90;1m╭──▶[0m [0;32;1mtest_resources/Rule/HsTestOneSpecPerFile/badNoExportListSpec.hs@1:1-1:33[0m
     [0;90;1m│[0m
[0;90;1m   1 │[0m [0;91;1mm[0m[0;91;1mo[0m[0;91;1md[0m[0;91;1mu[0m[0;91;1ml[0m[0;91;1me[0m[0;91;1m [0m[0;91;1mB[0m[0;91;1ma[0m[0;91;1md[0m[0;91;1mN[0m[0;91;1mo[0m[0;91;1mE[0m[0;91;1mx[0m[0;91;1mp[0m[0;91;1mo[0m[0;91;1mr[0m[0;91;1mt[0m[0;91;1mL[0m[0;91;1mi[0m[0;91;1ms[0m[0;91;1mt[0m[0;91;1mS[0m[0;91;1mp[0m[0;91;1me[0m[0;91;1mc[0m[0;91;1m [0m[0;91;1mw[0m[0;91;1mh[0m[0;91;1me[0m[0;91;1mr[0m[0;91;1me[0m
     [0;90;1m•[0m [0;91m┬[0m[0;91m─[0m[0;91m─[0m[0;91m─[0m[0;91m─[0m[0;91m─[0m[0;91m─[0m[0;91m─[0m[0;91m─[0m[0;91m─[0m[0;91m─[0m[0;91m─[0m[0;91m─[0m[0;91m─[0m[0;91m─[0m[0;91m─[0m[0;91m─[0m[0;91m─[0m[0;91m─[0m[0;91m─[0m[0;91m─[0m[0;91m─[0m[0;91m─[0m[0;91m─[0m[0;91m─[0m[0;91m─[0m[0;91m─[0m[0;91m─[0m[0;91m─[0m[0;91m─[0m[0;91m─[0m[0;91m─[0m
     [0;90;1m•[0m [0;91m╰╸[0m [0;91mA test file exports exactly (spec).[0m
     [0;90;1m•[0m
     [0;90;1m│[0m [0;96mNote: Nothing reads a test file but the Main that gathers the specs, and it asks for spec alone, so any other export is a name no caller wants and no export list at all exports whatever gets defined there next.[0m
     [0;90;1m│[0m [0;96mHint: To suppress, write this anywhere in the file, and say why: -- [allow:file:HsTestOneSpecPerFile] <reason>[0m
[0;90;1m─────╯[0m
