[0;91;1m[error HsTestOneSpecPerFile][0m: This test file exports spec, resourceDir.
     [0;90;1m╭──▶[0m [0;32;1mtest_resources/Rule/HsTestOneSpecPerFile/badSpec.hs@1:16-1:35[0m
     [0;90;1m│[0m
[0;90;1m   1 │[0m [0;97mm[0m[0;97mo[0m[0;97md[0m[0;97mu[0m[0;97ml[0m[0;97me[0m[0;97m [0m[0;97mB[0m[0;97ma[0m[0;97md[0m[0;97mS[0m[0;97mp[0m[0;97me[0m[0;97mc[0m[0;97m [0m[0;91;1m([0m[0;91;1ms[0m[0;91;1mp[0m[0;91;1me[0m[0;91;1mc[0m[0;91;1m,[0m[0;91;1m [0m[0;91;1mr[0m[0;91;1me[0m[0;91;1ms[0m[0;91;1mo[0m[0;91;1mu[0m[0;91;1mr[0m[0;91;1mc[0m[0;91;1me[0m[0;91;1mD[0m[0;91;1mi[0m[0;91;1mr[0m[0;91;1m)[0m[0;97m [0m[0;97mw[0m[0;97mh[0m[0;97me[0m[0;97mr[0m[0;97me[0m
     [0;90;1m•[0m                [0;91m┬[0m[0;91m─[0m[0;91m─[0m[0;91m─[0m[0;91m─[0m[0;91m─[0m[0;91m─[0m[0;91m─[0m[0;91m─[0m[0;91m─[0m[0;91m─[0m[0;91m─[0m[0;91m─[0m[0;91m─[0m[0;91m─[0m[0;91m─[0m[0;91m─[0m[0;91m─[0m[0;91m─[0m 
     [0;90;1m•[0m                [0;91m╰╸[0m [0;91mA test file exports exactly (spec).[0m
     [0;90;1m•[0m
     [0;90;1m│[0m [0;96mNote: Only the Main that gathers the specs reads a test file, and it asks for spec alone.[0m
     [0;90;1m│[0m [0;96mHint: To suppress, write this anywhere in the file, and say why: -- [allow:file:HsTestOneSpecPerFile] <reason>[0m
[0;90;1m─────╯[0m
