HsNoSemigroupOnText	13:17-13:28 test_resources/Rule/HsNoSemigroupOnText/bad.hs	lib:test_resources/Rule/HsNoSemigroupOnText/bad.hs sentence	A string literal concatenated with <> or ++. Put the pieces in a list and use concat, unwords or unlines.
HsNoSemigroupOnText	17:24-17:56 test_resources/Rule/HsNoSemigroupOnText/bad.hs	lib:test_resources/Rule/HsNoSemigroupOnText/bad.hs located	A string literal concatenated with <> or ++. Put the pieces in a list and use concat, unwords or unlines.
HsNoSemigroupOnText	21:12-21:28 test_resources/Rule/HsNoSemigroupOnText/bad.hs	lib:test_resources/Rule/HsNoSemigroupOnText/bad.hs label	A string literal concatenated with <> or ++. Put the pieces in a list and use concat, unwords or unlines.
HsNoSemigroupOnText	26:10-26:21 test_resources/Rule/HsNoSemigroupOnText/bad.hs	lib:test_resources/Rule/HsNoSemigroupOnText/bad.hs marker	A string literal concatenated with <> or ++. Put the pieces in a list and use concat, unwords or unlines.
HsNoSemigroupOnText	30:12-30:29 test_resources/Rule/HsNoSemigroupOnText/bad.hs	lib:test_resources/Rule/HsNoSemigroupOnText/bad.hs quoted	A string literal concatenated with <> or ++. Put the pieces in a list and use concat, unwords or unlines.
HsNoSemigroupOnText	34:11-34:28 test_resources/Rule/HsNoSemigroupOnText/bad.hs	lib:test_resources/Rule/HsNoSemigroupOnText/bad.hs mixed	A string literal concatenated with <> or ++. Put the pieces in a list and use concat, unwords or unlines.
HsNoSemigroupOnText	9:17-9:34 test_resources/Rule/HsNoSemigroupOnText/bad.hs	lib:test_resources/Rule/HsNoSemigroupOnText/bad.hs greeting	A string literal concatenated with <> or ++. Put the pieces in a list and use concat, unwords or unlines.
