[0;91;1m[error HsNoCustomOrd][0m: Ord Colour is written out.
     [0;90;1m╭──▶[0m [0;32;1mtest_resources/Rule/HsNoCustomOrd/bad-empty.hs@6:1-6:20[0m
     [0;90;1m│[0m
[0;90;1m   6 │[0m [0;91;1mi[0m[0;91;1mn[0m[0;91;1ms[0m[0;91;1mt[0m[0;91;1ma[0m[0;91;1mn[0m[0;91;1mc[0m[0;91;1me[0m[0;91;1m [0m[0;91;1mO[0m[0;91;1mr[0m[0;91;1md[0m[0;91;1m [0m[0;91;1mC[0m[0;91;1mo[0m[0;91;1ml[0m[0;91;1mo[0m[0;91;1mu[0m[0;91;1mr[0m
     [0;90;1m•[0m [0;91m┬[0m[0;91m─[0m[0;91m─[0m[0;91m─[0m[0;91m─[0m[0;91m─[0m[0;91m─[0m[0;91m─[0m[0;91m─[0m[0;91m─[0m[0;91m─[0m[0;91m─[0m[0;91m─[0m[0;91m─[0m[0;91m─[0m[0;91m─[0m[0;91m─[0m[0;91m─[0m[0;91m─[0m
     [0;90;1m•[0m [0;91m╰╸[0m [0;91mOrd is derived.[0m
     [0;90;1m•[0m
     [0;90;1m│[0m [0;96mNote: Custom ordering belongs in a function, not in the instance that every sort, Map and Set goes through.[0m
     [0;90;1m│[0m [0;96mHint: To suppress, write this directly above line 6 of test_resources/Rule/HsNoCustomOrd/bad-empty.hs, and say why: -- [allow:HsNoCustomOrd] <reason>[0m
[0;90;1m─────╯[0m
